
Memory Configuration

Name             Origin             Length             Attributes
flash            0x08000000         0x00020000         xr
sram             0x20000000         0x00005000         xrw
*default*        0x00000000         0xffffffff

Linker script and memory map


.text           0x08000000       0xe8
 *(.vectors*)
 .vectors       0x08000000       0x1c startup.o
                0x08000000                vectors
 *(.text*)
 .text          0x0800001c       0xb0 main.o
                0x0800001c                main
 .text          0x080000cc       0x18 startup.o
                0x080000cc                MM_Fault_Handler
                0x080000cc                Usage_Fault_Handler
                0x080000cc                Bus_Fault
                0x080000cc                Default_Handler
                0x080000cc                H_fault_Handler
                0x080000cc                NMI_Handler
                0x080000d8                Reset_Handler
 *(.rodata)
 .rodata        0x080000e4        0x4 main.o
                0x080000e4                const_variables
                0x080000e8                _E_text = .

.glue_7         0x080000e8        0x0
 .glue_7        0x00000000        0x0 linker stubs

.glue_7t        0x080000e8        0x0
 .glue_7t       0x00000000        0x0 linker stubs

.vfp11_veneer   0x080000e8        0x0
 .vfp11_veneer  0x00000000        0x0 linker stubs

.v4_bx          0x080000e8        0x0
 .v4_bx         0x00000000        0x0 linker stubs

.iplt           0x080000e8        0x0
 .iplt          0x00000000        0x0 main.o

.rel.dyn        0x080000e8        0x0
 .rel.iplt      0x00000000        0x0 main.o

.data           0x20000000        0x8 load address 0x080000e8
                0x20000000                _S_DATA = .
 *(.data)
 .data          0x20000000        0x8 main.o
                0x20000000                R_ODR
                0x20000004                g_variables
 .data          0x20000008        0x0 startup.o
                0x20000008                _E_DATA = .

.igot.plt       0x20000008        0x0 load address 0x080000f0
 .igot.plt      0x00000000        0x0 main.o

.bss            0x20000008        0x0 load address 0x080000f0
                0x20000008                _S_bss = .
 *(.bss)
 .bss           0x20000008        0x0 main.o
 .bss           0x20000008        0x0 startup.o
                0x20000008                _E_bss = .
LOAD main.o
LOAD startup.o
OUTPUT(Lab2_Cortex_M3.elf elf32-littlearm)

.debug_info     0x00000000      0x22e
 .debug_info    0x00000000      0x164 main.o
 .debug_info    0x00000164       0xca startup.o

.debug_abbrev   0x00000000      0x16a
 .debug_abbrev  0x00000000       0xfa main.o
 .debug_abbrev  0x000000fa       0x70 startup.o

.debug_loc      0x00000000       0x90
 .debug_loc     0x00000000       0x38 main.o
 .debug_loc     0x00000038       0x58 startup.o

.debug_aranges  0x00000000       0x40
 .debug_aranges
                0x00000000       0x20 main.o
 .debug_aranges
                0x00000020       0x20 startup.o

.debug_line     0x00000000      0x121
 .debug_line    0x00000000       0x9c main.o
 .debug_line    0x0000009c       0x85 startup.o

.debug_str      0x00000000      0x11e
 .debug_str     0x00000000       0xee main.o
                                0x122 (size before relaxing)
 .debug_str     0x000000ee       0x30 startup.o
                                 0xff (size before relaxing)

.comment        0x00000000       0x11
 .comment       0x00000000       0x11 main.o
                                 0x12 (size before relaxing)
 .comment       0x00000000       0x12 startup.o

.ARM.attributes
                0x00000000       0x33
 .ARM.attributes
                0x00000000       0x33 main.o
 .ARM.attributes
                0x00000033       0x33 startup.o

.debug_frame    0x00000000       0x74
 .debug_frame   0x00000000       0x2c main.o
 .debug_frame   0x0000002c       0x48 startup.o
